../Core/Src/main.c:73:6:motorDelay	16	static
../Core/Src/main.c:86:6:motorOn	8	static
../Core/Src/main.c:123:6:motorOff	8	static
../Core/Src/main.c:132:6:stepCV	24	static
../Core/Src/main.c:178:6:stepCCV	24	static
../Core/Src/main.c:230:5:main	8	static
../Core/Src/main.c:300:6:SystemClock_Config	80	static
../Core/Src/main.c:341:13:MX_ADC_Init	24	static
../Core/Src/main.c:395:13:MX_TIM2_Init	32	static
../Core/Src/main.c:440:13:MX_GPIO_Init	56	static
../Core/Src/main.c:500:6:Error_Handler	8	static,ignoring_inline_asm
